resume, ../Al_bracket_upd_med, db
/filname, run_bra_trans_med_lb_b, 0

/solu
allsel
antype, static
pstres, on

!
! Apply transverse load
!
seltol, 1.0e-5
nsel, s, loc, y, ymax_panel
nsel, r, loc, x, xbot_support, xmax_panel
*get, numNode, node, 0, count
load_val = 1.0/numNode   ! 1 kN
f, all, fy, -load_val
allsel

solve
finish

/solu
antype, buckle
bucopt, lanb, 5
solve
finish

/solu
expass, on
mxpand, 5, , , yes
outres, esol, all
solve
finish
