resume, Al_bracket_actual, db
/filname, run_Al_Bracket_act, 0

/prep7
!
! Apply displacement load
!
lsel, s, loc, y, ymax_panel
lsel, r, loc, x, xbot_support, xmax_panel
dl, all, , uy, -0.1*top_disp_max
allsel
dtran  ! Transfer geometry based BCs

/solu
allsel
solve
save, run_Al_Bracket_act, db
finish
