resume, ../Al_bracket_act_med, db
/filname, run_bra_axial_med_nlb_a, 0

/solu
allsel
antype, static
nlgeom, on
autots, on
solcontrol, on
nropt, full, , off
time, 1
nsubst, 200
neqit, 30
outres, all, all

!
! Apply moment at end
!
seltol, 1.0e-5
asel, s, mat, , mat_face
nsla, s, 1
nsel, r, loc, x, xmax_panel

!nsel, s, loc, x, xmax_panel+face_thick

*get, numNode, node, 0, count
load_val = 156337/numNode   

f, all, fx, -load_val

allsel
solve
finish

