resume, ../Al_bracket_ext, db
/filname, run_ext_trans_nlbuck_a, 0

/solu
allsel
antype, static
nlgeom, on
autots, on
solcontrol, on
nropt, full, , off
time, 1
nsubst, 200
neqit, 30
outres, all, all

!
! Apply transverse load
!
seltol, 1.0e-5
nsel, s, loc, y, ymax_panel
nsel, r, loc, x, xbot_support, xmax_panel
*get, numNode, node, 0, count
load_val = 30000/numNode   ! 30 kN
f, all, fy, -load_val
allsel

solve
finish


